{
  "vk": {
    "token": "vkToken",
    "domain": "abc"
  },
  "aws": {
    "token": "defaultVal",
    "bucket": "someVal"
  }
}
