{
  "testEnv": {
    "test": {
      "envVar": "someVal",
      "missingEnvVar": "defaultVal",
      "key": "val"
    }
  }
}
